// Jest Snapshot v1, https://goo.gl/fbAQLP

exports[`Server GET /vehicles 1`] = `"[{"id":1,"name":"Sand Crawler"},{"id":2,"name":"T-16 skyhopper"},{"id":10,"name":"X-34 landspeeder"},{"id":3,"name":"TIE/LN starfighter"},{"id":4,"name":"Snowspeeder"},{"id":5,"name":"TIE bomber"},{"id":6,"name":"AT-AT"},{"id":7,"name":"AT-ST"},{"id":8,"name":"Storm IV Twin-Pod cloud car"},{"id":9,"name":"Sail barge"}]"`;

exports[`Server GET /vehicles/id GET /vehicles/1 1`] = `"{"id":1,"name":"Sand Crawler","model":"Digger Crawler","manufacturer":"Corellia Mining Corporation","cost_in_credits":"150000","length":"36.8 ","max_atmosphering_speed":"30","crew":"46","passengers":"30","cargo_capacity":"50000","consumables":"2 months","vehicle_class":"wheeled","pilots":[],"films":["https://swapi.dev/api/films/1/","https://swapi.dev/api/films/5/"],"created":"2014-12-10T15:36:25.724000Z","edited":"2014-12-20T21:30:21.661000Z","url":"https://swapi.dev/api/vehicles/4/"}"`;

exports[`Server GET /vehicles/id GET /vehicles/2 1`] = `"{"id":2,"name":"T-16 skyhopper","model":"T-16 skyhopper","manufacturer":"Incom Corporation","cost_in_credits":"14500","length":"10.4 ","max_atmosphering_speed":"1200","crew":"1","passengers":"1","cargo_capacity":"50","consumables":"0","vehicle_class":"repulsorcraft","pilots":[],"films":["https://swapi.dev/api/films/1/"],"created":"2014-12-10T16:01:52.434000Z","edited":"2014-12-20T21:30:21.665000Z","url":"https://swapi.dev/api/vehicles/6/"}"`;

exports[`Server GET /vehicles/id GET /vehicles/3 1`] = `"{"id":3,"name":"TIE/LN starfighter","model":"Twin Ion Engine/Ln Starfighter","manufacturer":"Sienar Fleet Systems","cost_in_credits":"unknown","length":"6.4","max_atmosphering_speed":"1200","crew":"1","passengers":"0","cargo_capacity":"65","consumables":"2 days","vehicle_class":"starfighter","pilots":[],"films":["https://swapi.dev/api/films/1/","https://swapi.dev/api/films/2/","https://swapi.dev/api/films/3/"],"created":"2014-12-10T16:33:52.860000Z","edited":"2014-12-20T21:30:21.670000Z","url":"https://swapi.dev/api/vehicles/8/"}"`;

exports[`Server GET /vehicles/id GET /vehicles/4 1`] = `"{"id":4,"name":"Snowspeeder","model":"t-47 airspeeder","manufacturer":"Incom corporation","cost_in_credits":"unknown","length":"4.5","max_atmosphering_speed":"650","crew":"2","passengers":"0","cargo_capacity":"10","consumables":"none","vehicle_class":"airspeeder","pilots":["https://swapi.dev/api/people/1/","https://swapi.dev/api/people/18/"],"films":["https://swapi.dev/api/films/2/"],"created":"2014-12-15T12:22:12Z","edited":"2014-12-20T21:30:21.672000Z","url":"https://swapi.dev/api/vehicles/14/"}"`;

exports[`Server GET /vehicles/id GET /vehicles/100 1`] = `"{"error":"We don't have vehicle with that ID"}"`;

exports[`Server POST /secret-code - correct password 1`] = `"Your access is granted!"`;

exports[`Server POST /secret-code - incorrect password 1`] = `"Please send valid password or we are forced to destroy your ship."`;

